-> Creating a linked list with default constructor.
-> Printing the list.
The list is empty.
-> Printing the list in reverse.
The list is empty.
-> Calculating the size including dummies.
size is 2
