-> Creating a linked list with default constructor.
-> Making some insertions to the list.
-> Printing the list.
31
32
33
34
35
-> Printing the list in reverse.
35
34
33
32
31
-> Calculating the size including dummies.
size is 7
-> Getting node at index -1.
no node at index -1 exists
-> Getting node at index 0.
exists. data must be 31. it is 31
-> Getting node at index 1.
exists. data must be 32. it is 32
-> Getting node at index 2.
exists. data must be 33. it is 33
-> Getting node at index 3.
exists. data must be 34. it is 34
-> Getting node at index 4.
exists. data must be 35. it is 35
-> Getting node at index 5.
no node at index 5 exists
-> Printing the list.
31
32
33
34
35
-> Printing the list in reverse.
35
34
33
32
31
-> Calculating the size including dummies.
size is 7
