-> Creating a string with default constructor.
-> Trying to erase first two characters from the string and then printing the string.
[]
-> Trying to erase all characters from the string and then printing the string.
[]
-> Printing the string.
[]
