-> Creating a string with default constructor.
-> Appending and inserting some characters to the string.
-> Printing the string.
['m','e','r','h','a','b','a']
-> Calculating the length.
length is 7
-> Checking if the string is empty or not.
string is not empty
