-> Creating a string with default constructor.
-> Printing the string.
[]
